// Jest Snapshot v1, https://goo.gl/fbAQLP

exports[`Test Rocket Component check if component  1`] = `
Object {
  "asFragment": [Function],
  "baseElement": <body>
    <div>
      <main
        class="rocketCard"
      >
        <img
          alt="Rocket"
          class="img"
          src="https://imgur.com/DaCfMsj.jpg"
        />
        <div
          class="details"
        >
          <h4>
            Falcon 1
          </h4>
          <p>
            <span
              class="reserved"
            >
              Reserved
            </span>
            The Falcon 1 was an expendable launch system privately developed
          </p>
          <button
            class="btnCanceled"
            type="button"
          >
            Cancel Reservation
          </button>
        </div>
      </main>
    </div>
  </body>,
  "container": <div>
    <main
      class="rocketCard"
    >
      <img
        alt="Rocket"
        class="img"
        src="https://imgur.com/DaCfMsj.jpg"
      />
      <div
        class="details"
      >
        <h4>
          Falcon 1
        </h4>
        <p>
          <span
            class="reserved"
          >
            Reserved
          </span>
          The Falcon 1 was an expendable launch system privately developed
        </p>
        <button
          class="btnCanceled"
          type="button"
        >
          Cancel Reservation
        </button>
      </div>
    </main>
  </div>,
  "debug": [Function],
  "findAllByAltText": [Function],
  "findAllByDisplayValue": [Function],
  "findAllByLabelText": [Function],
  "findAllByPlaceholderText": [Function],
  "findAllByRole": [Function],
  "findAllByTestId": [Function],
  "findAllByText": [Function],
  "findAllByTitle": [Function],
  "findByAltText": [Function],
  "findByDisplayValue": [Function],
  "findByLabelText": [Function],
  "findByPlaceholderText": [Function],
  "findByRole": [Function],
  "findByTestId": [Function],
  "findByText": [Function],
  "findByTitle": [Function],
  "getAllByAltText": [Function],
  "getAllByDisplayValue": [Function],
  "getAllByLabelText": [Function],
  "getAllByPlaceholderText": [Function],
  "getAllByRole": [Function],
  "getAllByTestId": [Function],
  "getAllByText": [Function],
  "getAllByTitle": [Function],
  "getByAltText": [Function],
  "getByDisplayValue": [Function],
  "getByLabelText": [Function],
  "getByPlaceholderText": [Function],
  "getByRole": [Function],
  "getByTestId": [Function],
  "getByText": [Function],
  "getByTitle": [Function],
  "queryAllByAltText": [Function],
  "queryAllByDisplayValue": [Function],
  "queryAllByLabelText": [Function],
  "queryAllByPlaceholderText": [Function],
  "queryAllByRole": [Function],
  "queryAllByTestId": [Function],
  "queryAllByText": [Function],
  "queryAllByTitle": [Function],
  "queryByAltText": [Function],
  "queryByDisplayValue": [Function],
  "queryByLabelText": [Function],
  "queryByPlaceholderText": [Function],
  "queryByRole": [Function],
  "queryByTestId": [Function],
  "queryByText": [Function],
  "queryByTitle": [Function],
  "rerender": [Function],
  "unmount": [Function],
}
`;

exports[`Test Rocket Component check if component component match the snap 1`] = `
Object {
  "asFragment": [Function],
  "baseElement": <body>
    <div>
      <main
        class="rocketCard"
      >
        <img
          alt="Rocket"
          class="img"
          src="https://imgur.com/DaCfMsj.jpg"
        />
        <div
          class="details"
        >
          <h4>
            Falcon 1
          </h4>
          <p>
            <span
              class="reserved"
            >
              Reserved
            </span>
            The Falcon 1 was an expendable launch system privately developed
          </p>
          <button
            class="btnCanceled"
            type="button"
          >
            Cancel Reservation
          </button>
        </div>
      </main>
    </div>
  </body>,
  "container": <div>
    <main
      class="rocketCard"
    >
      <img
        alt="Rocket"
        class="img"
        src="https://imgur.com/DaCfMsj.jpg"
      />
      <div
        class="details"
      >
        <h4>
          Falcon 1
        </h4>
        <p>
          <span
            class="reserved"
          >
            Reserved
          </span>
          The Falcon 1 was an expendable launch system privately developed
        </p>
        <button
          class="btnCanceled"
          type="button"
        >
          Cancel Reservation
        </button>
      </div>
    </main>
  </div>,
  "debug": [Function],
  "findAllByAltText": [Function],
  "findAllByDisplayValue": [Function],
  "findAllByLabelText": [Function],
  "findAllByPlaceholderText": [Function],
  "findAllByRole": [Function],
  "findAllByTestId": [Function],
  "findAllByText": [Function],
  "findAllByTitle": [Function],
  "findByAltText": [Function],
  "findByDisplayValue": [Function],
  "findByLabelText": [Function],
  "findByPlaceholderText": [Function],
  "findByRole": [Function],
  "findByTestId": [Function],
  "findByText": [Function],
  "findByTitle": [Function],
  "getAllByAltText": [Function],
  "getAllByDisplayValue": [Function],
  "getAllByLabelText": [Function],
  "getAllByPlaceholderText": [Function],
  "getAllByRole": [Function],
  "getAllByTestId": [Function],
  "getAllByText": [Function],
  "getAllByTitle": [Function],
  "getByAltText": [Function],
  "getByDisplayValue": [Function],
  "getByLabelText": [Function],
  "getByPlaceholderText": [Function],
  "getByRole": [Function],
  "getByTestId": [Function],
  "getByText": [Function],
  "getByTitle": [Function],
  "queryAllByAltText": [Function],
  "queryAllByDisplayValue": [Function],
  "queryAllByLabelText": [Function],
  "queryAllByPlaceholderText": [Function],
  "queryAllByRole": [Function],
  "queryAllByTestId": [Function],
  "queryAllByText": [Function],
  "queryAllByTitle": [Function],
  "queryByAltText": [Function],
  "queryByDisplayValue": [Function],
  "queryByLabelText": [Function],
  "queryByPlaceholderText": [Function],
  "queryByRole": [Function],
  "queryByTestId": [Function],
  "queryByText": [Function],
  "queryByTitle": [Function],
  "rerender": [Function],
  "unmount": [Function],
}
`;

exports[`Test Rocket Component check if component component match the snapshot 1`] = `
Object {
  "asFragment": [Function],
  "baseElement": <body>
    <div>
      <main
        class="rocketCard"
      >
        <img
          alt="Rocket"
          class="img"
          src="https://imgur.com/DaCfMsj.jpg"
        />
        <div
          class="details"
        >
          <h4>
            Falcon 1
          </h4>
          <p>
            <span
              class="reserved"
            >
              Reserved
            </span>
            The Falcon 1 was an expendable launch system privately developed
          </p>
          <button
            class="btnCanceled"
            type="button"
          >
            Cancel Reservation
          </button>
        </div>
      </main>
    </div>
  </body>,
  "container": <div>
    <main
      class="rocketCard"
    >
      <img
        alt="Rocket"
        class="img"
        src="https://imgur.com/DaCfMsj.jpg"
      />
      <div
        class="details"
      >
        <h4>
          Falcon 1
        </h4>
        <p>
          <span
            class="reserved"
          >
            Reserved
          </span>
          The Falcon 1 was an expendable launch system privately developed
        </p>
        <button
          class="btnCanceled"
          type="button"
        >
          Cancel Reservation
        </button>
      </div>
    </main>
  </div>,
  "debug": [Function],
  "findAllByAltText": [Function],
  "findAllByDisplayValue": [Function],
  "findAllByLabelText": [Function],
  "findAllByPlaceholderText": [Function],
  "findAllByRole": [Function],
  "findAllByTestId": [Function],
  "findAllByText": [Function],
  "findAllByTitle": [Function],
  "findByAltText": [Function],
  "findByDisplayValue": [Function],
  "findByLabelText": [Function],
  "findByPlaceholderText": [Function],
  "findByRole": [Function],
  "findByTestId": [Function],
  "findByText": [Function],
  "findByTitle": [Function],
  "getAllByAltText": [Function],
  "getAllByDisplayValue": [Function],
  "getAllByLabelText": [Function],
  "getAllByPlaceholderText": [Function],
  "getAllByRole": [Function],
  "getAllByTestId": [Function],
  "getAllByText": [Function],
  "getAllByTitle": [Function],
  "getByAltText": [Function],
  "getByDisplayValue": [Function],
  "getByLabelText": [Function],
  "getByPlaceholderText": [Function],
  "getByRole": [Function],
  "getByTestId": [Function],
  "getByText": [Function],
  "getByTitle": [Function],
  "queryAllByAltText": [Function],
  "queryAllByDisplayValue": [Function],
  "queryAllByLabelText": [Function],
  "queryAllByPlaceholderText": [Function],
  "queryAllByRole": [Function],
  "queryAllByTestId": [Function],
  "queryAllByText": [Function],
  "queryAllByTitle": [Function],
  "queryByAltText": [Function],
  "queryByDisplayValue": [Function],
  "queryByLabelText": [Function],
  "queryByPlaceholderText": [Function],
  "queryByRole": [Function],
  "queryByTestId": [Function],
  "queryByText": [Function],
  "queryByTitle": [Function],
  "rerender": [Function],
  "unmount": [Function],
}
`;

exports[`Test Rocket Component check if h 1`] = `
Object {
  "asFragment": [Function],
  "baseElement": <body>
    <div>
      <main
        class="rocketCard"
      >
        <img
          alt="Rocket"
          class="img"
          src="https://imgur.com/DaCfMsj.jpg"
        />
        <div
          class="details"
        >
          <h4>
            Falcon 1
          </h4>
          <p>
            <span
              class="reserved"
            >
              Reserved
            </span>
            The Falcon 1 was an expendable launch system privately developed
          </p>
          <button
            class="btnCanceled"
            type="button"
          >
            Cancel Reservation
          </button>
        </div>
      </main>
    </div>
  </body>,
  "container": <div>
    <main
      class="rocketCard"
    >
      <img
        alt="Rocket"
        class="img"
        src="https://imgur.com/DaCfMsj.jpg"
      />
      <div
        class="details"
      >
        <h4>
          Falcon 1
        </h4>
        <p>
          <span
            class="reserved"
          >
            Reserved
          </span>
          The Falcon 1 was an expendable launch system privately developed
        </p>
        <button
          class="btnCanceled"
          type="button"
        >
          Cancel Reservation
        </button>
      </div>
    </main>
  </div>,
  "debug": [Function],
  "findAllByAltText": [Function],
  "findAllByDisplayValue": [Function],
  "findAllByLabelText": [Function],
  "findAllByPlaceholderText": [Function],
  "findAllByRole": [Function],
  "findAllByTestId": [Function],
  "findAllByText": [Function],
  "findAllByTitle": [Function],
  "findByAltText": [Function],
  "findByDisplayValue": [Function],
  "findByLabelText": [Function],
  "findByPlaceholderText": [Function],
  "findByRole": [Function],
  "findByTestId": [Function],
  "findByText": [Function],
  "findByTitle": [Function],
  "getAllByAltText": [Function],
  "getAllByDisplayValue": [Function],
  "getAllByLabelText": [Function],
  "getAllByPlaceholderText": [Function],
  "getAllByRole": [Function],
  "getAllByTestId": [Function],
  "getAllByText": [Function],
  "getAllByTitle": [Function],
  "getByAltText": [Function],
  "getByDisplayValue": [Function],
  "getByLabelText": [Function],
  "getByPlaceholderText": [Function],
  "getByRole": [Function],
  "getByTestId": [Function],
  "getByText": [Function],
  "getByTitle": [Function],
  "queryAllByAltText": [Function],
  "queryAllByDisplayValue": [Function],
  "queryAllByLabelText": [Function],
  "queryAllByPlaceholderText": [Function],
  "queryAllByRole": [Function],
  "queryAllByTestId": [Function],
  "queryAllByText": [Function],
  "queryAllByTitle": [Function],
  "queryByAltText": [Function],
  "queryByDisplayValue": [Function],
  "queryByLabelText": [Function],
  "queryByPlaceholderText": [Function],
  "queryByRole": [Function],
  "queryByTestId": [Function],
  "queryByText": [Function],
  "queryByTitle": [Function],
  "rerender": [Function],
  "unmount": [Function],
}
`;

exports[`Test Rocket Component check if home page heading text render 1`] = `
Object {
  "asFragment": [Function],
  "baseElement": <body>
    <div>
      <main
        class="rocketCard"
      >
        <img
          alt="Rocket"
          class="img"
          src="https://imgur.com/DaCfMsj.jpg"
        />
        <div
          class="details"
        >
          <h4>
            Falcon 1
          </h4>
          <p>
            <span
              class="reserved"
            >
              Reserved
            </span>
            The Falcon 1 was an expendable launch system privately developed
          </p>
          <button
            class="btnCanceled"
            type="button"
          >
            Cancel Reservation
          </button>
        </div>
      </main>
    </div>
  </body>,
  "container": <div>
    <main
      class="rocketCard"
    >
      <img
        alt="Rocket"
        class="img"
        src="https://imgur.com/DaCfMsj.jpg"
      />
      <div
        class="details"
      >
        <h4>
          Falcon 1
        </h4>
        <p>
          <span
            class="reserved"
          >
            Reserved
          </span>
          The Falcon 1 was an expendable launch system privately developed
        </p>
        <button
          class="btnCanceled"
          type="button"
        >
          Cancel Reservation
        </button>
      </div>
    </main>
  </div>,
  "debug": [Function],
  "findAllByAltText": [Function],
  "findAllByDisplayValue": [Function],
  "findAllByLabelText": [Function],
  "findAllByPlaceholderText": [Function],
  "findAllByRole": [Function],
  "findAllByTestId": [Function],
  "findAllByText": [Function],
  "findAllByTitle": [Function],
  "findByAltText": [Function],
  "findByDisplayValue": [Function],
  "findByLabelText": [Function],
  "findByPlaceholderText": [Function],
  "findByRole": [Function],
  "findByTestId": [Function],
  "findByText": [Function],
  "findByTitle": [Function],
  "getAllByAltText": [Function],
  "getAllByDisplayValue": [Function],
  "getAllByLabelText": [Function],
  "getAllByPlaceholderText": [Function],
  "getAllByRole": [Function],
  "getAllByTestId": [Function],
  "getAllByText": [Function],
  "getAllByTitle": [Function],
  "getByAltText": [Function],
  "getByDisplayValue": [Function],
  "getByLabelText": [Function],
  "getByPlaceholderText": [Function],
  "getByRole": [Function],
  "getByTestId": [Function],
  "getByText": [Function],
  "getByTitle": [Function],
  "queryAllByAltText": [Function],
  "queryAllByDisplayValue": [Function],
  "queryAllByLabelText": [Function],
  "queryAllByPlaceholderText": [Function],
  "queryAllByRole": [Function],
  "queryAllByTestId": [Function],
  "queryAllByText": [Function],
  "queryAllByTitle": [Function],
  "queryByAltText": [Function],
  "queryByDisplayValue": [Function],
  "queryByLabelText": [Function],
  "queryByPlaceholderText": [Function],
  "queryByRole": [Function],
  "queryByTestId": [Function],
  "queryByText": [Function],
  "queryByTitle": [Function],
  "rerender": [Function],
  "unmount": [Function],
}
`;
